---
source: tests/parser.rs
expression: actual.to_sexp().unwrap()
---
(program (statements (statement unit_test (name . "\"assignability\"") (body (assert (claim extends_infix_op (lhs primitive string) (op . extends) (rhs . unknown_keyword))) (assert (claim extends_prefix_op (op . not) (value extends_infix_op (lhs primitive number) (op . extends) (rhs primitive string))))))))
