---
source: tests/parser.rs
expression: "parse_extends(\"not (A <: B) and C <: D\").to_sexp().unwrap()"
---
(extends_infix_op (lhs extends_prefix_op (op . not) (value extends_infix_op (lhs ident . "A") (op . extends) (rhs ident . "B"))) (op . and) (rhs extends_infix_op (lhs ident . "C") (op . extends) (rhs ident . "D")))
